// Jest Snapshot v1, https://goo.gl/fbAQLP

exports[`IdealImage Renders a snapshot that is good 1`] = `
<div
  onClick={[Function]}
  onKeyPress={[Function]}
  style={
    Object {
      "backgroundColor": "blue",
    }
  }
>
  <svg
    height={2095}
    width={3500}
  />
</div>
`;